c:\st\stm32cubeide_1.12.1\stm32cubeide\plugins\com.st.stm32cube.ide.mcu.externaltools.gnu-tools-for-stm32.10.3-2021.10.win32_1.0.200.202301161003\tools\arm-none-eabi\include\c++\10.3.1\limits:1225:7:static constexpr long int std::numeric_limits<long int>::epsilon()	4	static
../tensorflow/tensorflow/lite/micro/testing/micro_test.h:78:13:void tflite::InitializeTest()	8	static
../tensorflow/tensorflow/lite/micro/tools/ci_build/binary_size_test/binary_size_test.cc:26:1:int main(int, char**)	64	static
