c:\st\stm32cubeide_1.12.1\stm32cubeide\plugins\com.st.stm32cube.ide.mcu.externaltools.gnu-tools-for-stm32.10.3-2021.10.win32_1.0.200.202301161003\tools\arm-none-eabi\include\c++\10.3.1\limits:1086:7:static constexpr int std::numeric_limits<int>::epsilon()	4	static
c:\st\stm32cubeide_1.12.1\stm32cubeide\plugins\com.st.stm32cube.ide.mcu.externaltools.gnu-tools-for-stm32.10.3-2021.10.win32_1.0.200.202301161003\tools\arm-none-eabi\include\c++\10.3.1\limits:1155:7:static constexpr unsigned int std::numeric_limits<unsigned int>::epsilon()	4	static
../tensorflow/tensorflow/lite/micro/testing/micro_test.h:78:13:void tflite::InitializeTest()	8	static
../tensorflow/tensorflow/lite/micro/memory_planner/greedy_memory_planner_test.cc:31:1:int main(int, char**)	2680	static
